150.027045 2.287220
31.386091 4.545939
21.924151 6.970569
19.738267 9.447196
19.738267 11.907042
