Reading model...done.
Reading test examples...done.
Average loss on test set: 0.5054
Zero/one error on test set: 0.5054
