25.622531 2.568334
21.924151 4.992254
19.738267 7.469736
19.738267 9.957728
