0.784936 4.880000
0.723425 9.700000
0.651774 15.090000
0.649483 20.040000
